MAIN FUNCTION STARTED

≡ƒù║∩╕Å  Unified Downloader
======================================================================
Region:   Iceland (iceland)
Bounds:   (-24.5, 63.4, -13.5, 66.6)
Category: generic
Dataset:  SRTMGL1 (source: srtm_30m)
Auto:     ON
======================================================================
   Γ£à Already exists: iceland.tif

Γ£à Download complete: data\regions\iceland.tif

≡ƒÆí Skipped processing. Use --process to export for viewer.
